Archive member included because of file (symbol)

/usr/lib/gcc/avr/4.8.2/avr5/libgcc.a(_exit.o)
                              /usr/lib/gcc/avr/4.8.2/../../../../avr/lib/avr5/crtm168p.o (exit)
/usr/lib/gcc/avr/4.8.2/avr5/libgcc.a(_copy_data.o)
                              ./out/main.o (__do_copy_data)
/usr/lib/gcc/avr/4.8.2/avr5/libgcc.a(_clear_bss.o)
                              ./out/main.o (__do_clear_bss)
/usr/lib/gcc/avr/4.8.2/../../../../avr/lib/avr5/libc.a(iob.o)
                              ./out/uart_printf.o (__iob)

Allocating common symbols
Common symbol       size              file

rxbuf               0x19              ./out/main.o
rx_packet_buffer    0x2               ./out/nrf.o
uart_rxbuf          0x40              ./out/uart_rb.o
uart_txbuf          0x40              ./out/uart_rb.o
txbuf               0x19              ./out/main.o
__iob               0x6               /usr/lib/gcc/avr/4.8.2/../../../../avr/lib/avr5/libc.a(iob.o)

Memory Configuration

Name             Origin             Length             Attributes
text             0x0000000000000000 0x0000000000020000 xr
data             0x0000000000800060 0x000000000000ffa0 rw !x
eeprom           0x0000000000810000 0x0000000000010000 rw !x
fuse             0x0000000000820000 0x0000000000000400 rw !x
lock             0x0000000000830000 0x0000000000000400 rw !x
signature        0x0000000000840000 0x0000000000000400 rw !x
*default*        0x0000000000000000 0xffffffffffffffff

Linker script and memory map

Address of section .data set to 0x800100
LOAD /usr/lib/gcc/avr/4.8.2/../../../../avr/lib/avr5/crtm168p.o
LOAD /usr/lib/gcc/avr/4.8.2/../../../../avr/lib/avr5/libm.a
LOAD ./out/main.o
LOAD ./out/dbg.o
LOAD ./out/nrf.o
LOAD ./out/nrfspi_spi.o
LOAD ./out/uart_printf.o
LOAD ./out/uart_rb.o
LOAD ./out/uart.o
START GROUP
LOAD /usr/lib/gcc/avr/4.8.2/avr5/libgcc.a
LOAD /usr/lib/gcc/avr/4.8.2/../../../../avr/lib/avr5/libm.a
LOAD /usr/lib/gcc/avr/4.8.2/../../../../avr/lib/avr5/libc.a
END GROUP

.hash
 *(.hash)

.dynsym
 *(.dynsym)

.dynstr
 *(.dynstr)

.gnu.version
 *(.gnu.version)

.gnu.version_d
 *(.gnu.version_d)

.gnu.version_r
 *(.gnu.version_r)

.rel.init
 *(.rel.init)

.rela.init
 *(.rela.init)

.rel.text
 *(.rel.text)
 *(.rel.text.*)
 *(.rel.gnu.linkonce.t*)

.rela.text
 *(.rela.text)
 *(.rela.text.*)
 *(.rela.gnu.linkonce.t*)

.rel.fini
 *(.rel.fini)

.rela.fini
 *(.rela.fini)

.rel.rodata
 *(.rel.rodata)
 *(.rel.rodata.*)
 *(.rel.gnu.linkonce.r*)

.rela.rodata
 *(.rela.rodata)
 *(.rela.rodata.*)
 *(.rela.gnu.linkonce.r*)

.rel.data
 *(.rel.data)
 *(.rel.data.*)
 *(.rel.gnu.linkonce.d*)

.rela.data
 *(.rela.data)
 *(.rela.data.*)
 *(.rela.gnu.linkonce.d*)

.rel.ctors
 *(.rel.ctors)

.rela.ctors
 *(.rela.ctors)

.rel.dtors
 *(.rel.dtors)

.rela.dtors
 *(.rela.dtors)

.rel.got
 *(.rel.got)

.rela.got
 *(.rela.got)

.rel.bss
 *(.rel.bss)

.rela.bss
 *(.rela.bss)

.rel.plt
 *(.rel.plt)

.rela.plt
 *(.rela.plt)

.text           0x0000000000000000      0xa02
 *(.vectors)
 .vectors       0x0000000000000000       0x68 /usr/lib/gcc/avr/4.8.2/../../../../avr/lib/avr5/crtm168p.o
                0x0000000000000000                __vectors
                0x0000000000000000                __vector_default
 *(.vectors)
 *(.progmem.gcc*)
 *(.progmem*)
                0x0000000000000068                . = ALIGN (0x2)
                0x0000000000000068                __trampolines_start = .
 *(.trampolines)
 .trampolines   0x0000000000000068        0x0 linker stubs
 *(.trampolines*)
                0x0000000000000068                __trampolines_end = .
 *(.jumptables)
 *(.jumptables*)
 *(.lowtext)
 *(.lowtext*)
                0x0000000000000068                __ctors_start = .
 *(.ctors)
                0x0000000000000068                __ctors_end = .
                0x0000000000000068                __dtors_start = .
 *(.dtors)
                0x0000000000000068                __dtors_end = .
 SORT(*)(.ctors)
 SORT(*)(.dtors)
 *(.init0)
 .init0         0x0000000000000068        0x0 /usr/lib/gcc/avr/4.8.2/../../../../avr/lib/avr5/crtm168p.o
                0x0000000000000068                __init
 *(.init0)
 *(.init1)
 *(.init1)
 *(.init2)
 .init2         0x0000000000000068        0xc /usr/lib/gcc/avr/4.8.2/../../../../avr/lib/avr5/crtm168p.o
 *(.init2)
 *(.init3)
 *(.init3)
 *(.init4)
 .init4         0x0000000000000074       0x16 /usr/lib/gcc/avr/4.8.2/avr5/libgcc.a(_copy_data.o)
                0x0000000000000074                __do_copy_data
 .init4         0x000000000000008a       0x10 /usr/lib/gcc/avr/4.8.2/avr5/libgcc.a(_clear_bss.o)
                0x000000000000008a                __do_clear_bss
 *(.init4)
 *(.init5)
 *(.init5)
 *(.init6)
 *(.init6)
 *(.init7)
 *(.init7)
 *(.init8)
 *(.init8)
 *(.init9)
 .init9         0x000000000000009a        0x8 /usr/lib/gcc/avr/4.8.2/../../../../avr/lib/avr5/crtm168p.o
 *(.init9)
 *(.text)
 .text          0x00000000000000a2        0x4 /usr/lib/gcc/avr/4.8.2/../../../../avr/lib/avr5/crtm168p.o
                0x00000000000000a2                __vector_22
                0x00000000000000a2                __vector_24
                0x00000000000000a2                __vector_12
                0x00000000000000a2                __bad_interrupt
                0x00000000000000a2                __vector_6
                0x00000000000000a2                __vector_3
                0x00000000000000a2                __vector_23
                0x00000000000000a2                __vector_25
                0x00000000000000a2                __vector_11
                0x00000000000000a2                __vector_13
                0x00000000000000a2                __vector_17
                0x00000000000000a2                __vector_7
                0x00000000000000a2                __vector_5
                0x00000000000000a2                __vector_4
                0x00000000000000a2                __vector_9
                0x00000000000000a2                __vector_2
                0x00000000000000a2                __vector_21
                0x00000000000000a2                __vector_15
                0x00000000000000a2                __vector_8
                0x00000000000000a2                __vector_14
                0x00000000000000a2                __vector_10
                0x00000000000000a2                __vector_16
                0x00000000000000a2                __vector_20
 .text          0x00000000000000a6        0x0 ./out/main.o
 .text          0x00000000000000a6       0x4e ./out/dbg.o
                0x00000000000000a6                dbg_set
                0x00000000000000b8                dbg_on
                0x00000000000000ce                dbg_off
                0x00000000000000e6                dbg_init
 .text          0x00000000000000f4      0x574 ./out/nrf.o
                0x00000000000000f4                nrf_enable_irq
                0x00000000000000fa                nrf_disable_irq
                0x0000000000000102                nrf_wait_for_rxpacket
                0x000000000000010c                nrf_isready_packet
                0x0000000000000112                nrf_accept_packet
                0x000000000000011a                nrf_ce_on
                0x000000000000011e                nrf_ce_off
                0x0000000000000122                nrf_txpayload
                0x0000000000000150                nrf_rxpayload
                0x000000000000017c                nrf_regwr_long
                0x00000000000001c2                nrf_regrd_long
                0x0000000000000206                nrf_regwr
                0x000000000000023e                nrf_set_channel
                0x0000000000000248                __vector_1
                0x00000000000002c2                nrf_regrd
                0x00000000000002ee                nrf_init
                0x0000000000000382                nrf_set_power
                0x000000000000039c                nrf_enable_pipe
                0x0000000000000410                nrf_disable_pipe
                0x0000000000000432                nrf_flushtx
                0x0000000000000478                nrf_flushrx
                0x000000000000049c                nrf_stop_receiver
                0x00000000000004a8                nrf_setmode
                0x00000000000004e2                nrf_start_receiver
                0x00000000000004f4                nrf_reusetx
                0x0000000000000518                nrf_rxplwidth
                0x0000000000000542                nrf_ackpl
                0x000000000000058a                nrf_txnoack
                0x00000000000005d2                nrf_status
                0x00000000000005f6                nrf_transmit_packet
 .text          0x0000000000000668       0x70 ./out/nrfspi_spi.o
                0x0000000000000668                nrfspi_init
                0x0000000000000678                nrfspi_enable
                0x0000000000000680                nrfspi_disable
                0x0000000000000688                nrfspi_txrx
                0x00000000000006c4                nrfspi_txrx_byte
                0x00000000000006d0                nrfspi_cs_en
                0x00000000000006d4                nrfspi_cs_ds
 .text          0x00000000000006d8       0x18 ./out/uart_printf.o
                0x00000000000006d8                uart_printf_putchar
                0x00000000000006e2                uart_printf_init
 .text          0x00000000000006f0      0x174 ./out/uart_rb.o
                0x00000000000006f0                uart_rb_rxh
                0x0000000000000732                uart_rb_txh
                0x000000000000077c                uart_rb_init
                0x00000000000007be                uart_rb_data_rdy
                0x00000000000007c4                uart_rb_rx
                0x0000000000000814                uart_rb_tx
 .text          0x0000000000000864      0x134 ./out/uart.o
                0x0000000000000864                uart_init
                0x00000000000008a0                uart_enable
                0x00000000000008ce                uart_disable
                0x00000000000008da                __vector_18
                0x000000000000094a                __vector_19
 .text          0x0000000000000998        0x0 /usr/lib/gcc/avr/4.8.2/avr5/libgcc.a(_exit.o)
 .text          0x0000000000000998        0x0 /usr/lib/gcc/avr/4.8.2/avr5/libgcc.a(_copy_data.o)
 .text          0x0000000000000998        0x0 /usr/lib/gcc/avr/4.8.2/avr5/libgcc.a(_clear_bss.o)
 .text          0x0000000000000998        0x0 /usr/lib/gcc/avr/4.8.2/../../../../avr/lib/avr5/libc.a(iob.o)
                0x0000000000000998                . = ALIGN (0x2)
 *(.text.*)
 .text.startup  0x0000000000000998       0x66 ./out/main.o
                0x0000000000000998                main
 .text.libgcc.mul
                0x00000000000009fe        0x0 /usr/lib/gcc/avr/4.8.2/avr5/libgcc.a(_exit.o)
 .text.libgcc.div
                0x00000000000009fe        0x0 /usr/lib/gcc/avr/4.8.2/avr5/libgcc.a(_exit.o)
 .text.libgcc   0x00000000000009fe        0x0 /usr/lib/gcc/avr/4.8.2/avr5/libgcc.a(_exit.o)
 .text.libgcc.prologue
                0x00000000000009fe        0x0 /usr/lib/gcc/avr/4.8.2/avr5/libgcc.a(_exit.o)
 .text.libgcc.builtins
                0x00000000000009fe        0x0 /usr/lib/gcc/avr/4.8.2/avr5/libgcc.a(_exit.o)
 .text.libgcc.fmul
                0x00000000000009fe        0x0 /usr/lib/gcc/avr/4.8.2/avr5/libgcc.a(_exit.o)
 .text.libgcc.fixed
                0x00000000000009fe        0x0 /usr/lib/gcc/avr/4.8.2/avr5/libgcc.a(_exit.o)
 .text.libgcc.mul
                0x00000000000009fe        0x0 /usr/lib/gcc/avr/4.8.2/avr5/libgcc.a(_copy_data.o)
 .text.libgcc.div
                0x00000000000009fe        0x0 /usr/lib/gcc/avr/4.8.2/avr5/libgcc.a(_copy_data.o)
 .text.libgcc   0x00000000000009fe        0x0 /usr/lib/gcc/avr/4.8.2/avr5/libgcc.a(_copy_data.o)
 .text.libgcc.prologue
                0x00000000000009fe        0x0 /usr/lib/gcc/avr/4.8.2/avr5/libgcc.a(_copy_data.o)
 .text.libgcc.builtins
                0x00000000000009fe        0x0 /usr/lib/gcc/avr/4.8.2/avr5/libgcc.a(_copy_data.o)
 .text.libgcc.fmul
                0x00000000000009fe        0x0 /usr/lib/gcc/avr/4.8.2/avr5/libgcc.a(_copy_data.o)
 .text.libgcc.fixed
                0x00000000000009fe        0x0 /usr/lib/gcc/avr/4.8.2/avr5/libgcc.a(_copy_data.o)
 .text.libgcc.mul
                0x00000000000009fe        0x0 /usr/lib/gcc/avr/4.8.2/avr5/libgcc.a(_clear_bss.o)
 .text.libgcc.div
                0x00000000000009fe        0x0 /usr/lib/gcc/avr/4.8.2/avr5/libgcc.a(_clear_bss.o)
 .text.libgcc   0x00000000000009fe        0x0 /usr/lib/gcc/avr/4.8.2/avr5/libgcc.a(_clear_bss.o)
 .text.libgcc.prologue
                0x00000000000009fe        0x0 /usr/lib/gcc/avr/4.8.2/avr5/libgcc.a(_clear_bss.o)
 .text.libgcc.builtins
                0x00000000000009fe        0x0 /usr/lib/gcc/avr/4.8.2/avr5/libgcc.a(_clear_bss.o)
 .text.libgcc.fmul
                0x00000000000009fe        0x0 /usr/lib/gcc/avr/4.8.2/avr5/libgcc.a(_clear_bss.o)
 .text.libgcc.fixed
                0x00000000000009fe        0x0 /usr/lib/gcc/avr/4.8.2/avr5/libgcc.a(_clear_bss.o)
                0x00000000000009fe                . = ALIGN (0x2)
 *(.fini9)
 .fini9         0x00000000000009fe        0x0 /usr/lib/gcc/avr/4.8.2/avr5/libgcc.a(_exit.o)
                0x00000000000009fe                exit
                0x00000000000009fe                _exit
 *(.fini9)
 *(.fini8)
 *(.fini8)
 *(.fini7)
 *(.fini7)
 *(.fini6)
 *(.fini6)
 *(.fini5)
 *(.fini5)
 *(.fini4)
 *(.fini4)
 *(.fini3)
 *(.fini3)
 *(.fini2)
 *(.fini2)
 *(.fini1)
 *(.fini1)
 *(.fini0)
 .fini0         0x00000000000009fe        0x4 /usr/lib/gcc/avr/4.8.2/avr5/libgcc.a(_exit.o)
 *(.fini0)
                0x0000000000000a02                _etext = .

.data           0x0000000000800100       0x20 load address 0x0000000000000a02
                0x0000000000800100                PROVIDE (__data_start, .)
 *(.data)
 .data          0x0000000000800100        0x0 /usr/lib/gcc/avr/4.8.2/../../../../avr/lib/avr5/crtm168p.o
 .data          0x0000000000800100        0xa ./out/main.o
                0x0000000000800100                tx_addr
                0x0000000000800105                my_addr
 .data          0x000000000080010a        0x0 ./out/dbg.o
 .data          0x000000000080010a        0x0 ./out/nrf.o
 .data          0x000000000080010a        0x0 ./out/nrfspi_spi.o
 .data          0x000000000080010a        0xe ./out/uart_printf.o
 .data          0x0000000000800118        0x8 ./out/uart_rb.o
                0x0000000000800118                uart_txbuf_optr
                0x000000000080011a                uart_txbuf_iptr
                0x000000000080011c                uart_rxbuf_optr
                0x000000000080011e                uart_rxbuf_iptr
 .data          0x0000000000800120        0x0 ./out/uart.o
 .data          0x0000000000800120        0x0 /usr/lib/gcc/avr/4.8.2/avr5/libgcc.a(_exit.o)
 .data          0x0000000000800120        0x0 /usr/lib/gcc/avr/4.8.2/avr5/libgcc.a(_copy_data.o)
 .data          0x0000000000800120        0x0 /usr/lib/gcc/avr/4.8.2/avr5/libgcc.a(_clear_bss.o)
 .data          0x0000000000800120        0x0 /usr/lib/gcc/avr/4.8.2/../../../../avr/lib/avr5/libc.a(iob.o)
 *(.data*)
 *(.rodata)
 *(.rodata*)
 *(.gnu.linkonce.d*)
                0x0000000000800120                . = ALIGN (0x2)
                0x0000000000800120                _edata = .
                0x0000000000800120                PROVIDE (__data_end, .)

.bss            0x0000000000800120       0xc1
                0x0000000000800120                PROVIDE (__bss_start, .)
 *(.bss)
 .bss           0x0000000000800120        0x0 /usr/lib/gcc/avr/4.8.2/../../../../avr/lib/avr5/crtm168p.o
 .bss           0x0000000000800120        0x0 ./out/main.o
 .bss           0x0000000000800120        0x0 ./out/dbg.o
 .bss           0x0000000000800120        0x1 ./out/nrf.o
                0x0000000000800120                packet_ready
 .bss           0x0000000000800121        0x0 ./out/nrfspi_spi.o
 .bss           0x0000000000800121        0x0 ./out/uart_printf.o
 .bss           0x0000000000800121        0x2 ./out/uart_rb.o
                0x0000000000800121                uart_txbuf_count
                0x0000000000800122                uart_rxbuf_count
 .bss           0x0000000000800123        0x4 ./out/uart.o
                0x0000000000800123                rx_handler
                0x0000000000800125                tx_handler
 .bss           0x0000000000800127        0x0 /usr/lib/gcc/avr/4.8.2/avr5/libgcc.a(_exit.o)
 .bss           0x0000000000800127        0x0 /usr/lib/gcc/avr/4.8.2/avr5/libgcc.a(_copy_data.o)
 .bss           0x0000000000800127        0x0 /usr/lib/gcc/avr/4.8.2/avr5/libgcc.a(_clear_bss.o)
 .bss           0x0000000000800127        0x0 /usr/lib/gcc/avr/4.8.2/../../../../avr/lib/avr5/libc.a(iob.o)
 *(.bss*)
 *(COMMON)
 COMMON         0x0000000000800127       0x32 ./out/main.o
                0x0000000000800127                rxbuf
                0x0000000000800140                txbuf
 COMMON         0x0000000000800159        0x2 ./out/nrf.o
                0x0000000000800159                rx_packet_buffer
 COMMON         0x000000000080015b       0x80 ./out/uart_rb.o
                0x000000000080015b                uart_rxbuf
                0x000000000080019b                uart_txbuf
 COMMON         0x00000000008001db        0x6 /usr/lib/gcc/avr/4.8.2/../../../../avr/lib/avr5/libc.a(iob.o)
                0x00000000008001db                __iob
                0x00000000008001e1                PROVIDE (__bss_end, .)
                0x0000000000000a02                __data_load_start = LOADADDR (.data)
                0x0000000000000a22                __data_load_end = (__data_load_start + SIZEOF (.data))

.noinit         0x00000000008001e1        0x0
                0x00000000008001e1                PROVIDE (__noinit_start, .)
 *(.noinit*)
                0x00000000008001e1                PROVIDE (__noinit_end, .)
                0x00000000008001e1                _end = .
                0x00000000008001e1                PROVIDE (__heap_start, .)

.eeprom         0x0000000000810000        0x0
 *(.eeprom*)
                0x0000000000810000                __eeprom_end = .

.fuse
 *(.fuse)
 *(.lfuse)
 *(.hfuse)
 *(.efuse)

.lock
 *(.lock*)

.signature
 *(.signature*)

.stab           0x0000000000000000     0x414c
 *(.stab)
 .stab          0x0000000000000000      0x6cc /usr/lib/gcc/avr/4.8.2/../../../../avr/lib/avr5/crtm168p.o
 .stab          0x00000000000006cc      0x690 ./out/main.o
                                        0x69c (size before relaxing)
 .stab          0x0000000000000d5c      0x468 ./out/dbg.o
                                        0x654 (size before relaxing)
 .stab          0x00000000000011c4     0x1524 ./out/nrf.o
                                       0x1740 (size before relaxing)
 .stab          0x00000000000026e8      0x60c ./out/nrfspi_spi.o
                                        0x804 (size before relaxing)
 .stab          0x0000000000002cf4      0x39c ./out/uart_printf.o
                                        0x5c4 (size before relaxing)
 .stab          0x0000000000003090      0x6e4 ./out/uart_rb.o
                                        0x8dc (size before relaxing)
 .stab          0x0000000000003774      0x558 ./out/uart.o
                                        0x750 (size before relaxing)
 .stab          0x0000000000003ccc      0x480 /usr/lib/gcc/avr/4.8.2/../../../../avr/lib/avr5/libc.a(iob.o)
                                        0x48c (size before relaxing)

.stabstr        0x0000000000000000     0x1b9e
 *(.stabstr)
 .stabstr       0x0000000000000000     0x1b9e /usr/lib/gcc/avr/4.8.2/../../../../avr/lib/avr5/crtm168p.o

.stab.excl
 *(.stab.excl)

.stab.exclstr
 *(.stab.exclstr)

.stab.index
 *(.stab.index)

.stab.indexstr
 *(.stab.indexstr)

.comment        0x0000000000000000       0x22
 *(.comment)
 .comment       0x0000000000000000       0x11 ./out/main.o
                                         0x12 (size before relaxing)
 .comment       0x0000000000000000       0x12 ./out/dbg.o
 .comment       0x0000000000000000       0x12 ./out/nrf.o
 .comment       0x0000000000000000       0x12 ./out/nrfspi_spi.o
 .comment       0x0000000000000000       0x12 ./out/uart_printf.o
 .comment       0x0000000000000000       0x12 ./out/uart_rb.o
 .comment       0x0000000000000000       0x12 ./out/uart.o
 .comment       0x0000000000000011       0x11 /usr/lib/gcc/avr/4.8.2/../../../../avr/lib/avr5/libc.a(iob.o)
                                         0x12 (size before relaxing)

.debug
 *(.debug)

.line
 *(.line)

.debug_srcinfo
 *(.debug_srcinfo)

.debug_sfnames
 *(.debug_sfnames)

.debug_aranges
 *(.debug_aranges)

.debug_pubnames
 *(.debug_pubnames)

.debug_info
 *(.debug_info)
 *(.gnu.linkonce.wi.*)

.debug_abbrev
 *(.debug_abbrev)

.debug_line
 *(.debug_line)

.debug_frame
 *(.debug_frame)

.debug_str
 *(.debug_str)

.debug_loc
 *(.debug_loc)

.debug_macinfo
 *(.debug_macinfo)

.debug_pubtypes
 *(.debug_pubtypes)

.debug_ranges
 *(.debug_ranges)

.debug_macro
 *(.debug_macro)
OUTPUT(./out/test-nrf-tx-breadboard.out elf32-avr)
LOAD linker stubs
